file_name	reads	% cis	GiniQC(raw)	GiniQC(adj)	Max coverage aberration	Passed?
THRESHOLD	10000	80.00	0.000	0.487	2.000000	N/A
cell1.chrom	156827	87.82	0.590	0.516	1.315825	True
cell2.chrom	116144	92.79	0.660	0.532	1.134203	True
cell3.chrom	52965	83.27	0.607	0.501	1.408494	True
cell4.chrom	135290	92.76	0.557	0.503	1.310738	True
cell5.chrom	105859	89.42	0.604	0.513	1.248201	True
cell6.chrom	106412	93.85	0.630	0.521	1.154099	True
cell7.chrom	13250	90.34	0.555	0.459	1.447716	False
cell8.chrom	61568	90.73	0.572	0.493	1.156158	True
